Archive member included to satisfy reference by file (symbol)

lib/orangescrt.a(printf.o)    kernel/main.o (printf)
lib/orangescrt.a(vsprintf.o)  kernel/main.o (vsprintf)
lib/orangescrt.a(string.o)    kernel/start.o (memcpy)
lib/orangescrt.a(misc.o)      kernel/main.o (send_recv)
lib/orangescrt.a(open.o)      kernel/main.o (open)
lib/orangescrt.a(read.o)      kernel/main.o (read)
lib/orangescrt.a(write.o)     kernel/main.o (write)
lib/orangescrt.a(close.o)     kernel/main.o (close)
lib/orangescrt.a(unlink.o)    kernel/main.o (unlink)
lib/orangescrt.a(getpid.o)    kernel/main.o (getpid)
lib/orangescrt.a(stat.o)      mm/exec.o (stat)
lib/orangescrt.a(fork.o)      kernel/main.o (fork)
lib/orangescrt.a(wait.o)      kernel/main.o (wait)
lib/orangescrt.a(exec.o)      kernel/main.o (execv)
lib/orangescrt.a(syscall.o)   lib/orangescrt.a(misc.o) (sendrec)

Allocating common symbols
Common symbol       size              file

idt_ptr             0x6               kernel/global.o
inode_table         0xb00             kernel/global.o
task_stack          0x24000           kernel/global.o
k_reenter           0x4               kernel/global.o
gdt                 0x400             kernel/global.o
current_console     0x4               kernel/global.o
pcaller             0x4               kernel/global.o
tty_table           0xc6c             kernel/global.o
tss                 0x68              kernel/global.o
fs_msg              0x34              kernel/global.o
memory_size         0x4               kernel/global.o
f_desc_table        0x400             kernel/global.o
root_inode          0x4               kernel/global.o
disp_pos            0x4               kernel/global.o
mm_msg              0x34              kernel/global.o
key_pressed         0x4               kernel/global.o
gdt_ptr             0x6               kernel/global.o
idt                 0x800             kernel/global.o
super_block         0x1e0             kernel/global.o
PARTITION_ENTRY     0x10              kernel/hd.o
ticks               0x4               kernel/global.o
console_table       0x3c              kernel/global.o
irq_table           0x40              kernel/global.o
p_proc_ready        0x4               kernel/global.o
proc_table          0x3af8            kernel/global.o

Discarded input sections

 .note.GNU-stack
                0x0000000000000000        0x0 kernel/start.o
 .note.GNU-stack
                0x0000000000000000        0x0 kernel/main.o
 .note.GNU-stack
                0x0000000000000000        0x0 kernel/clock.o
 .note.GNU-stack
                0x0000000000000000        0x0 kernel/keyboard.o
 .note.GNU-stack
                0x0000000000000000        0x0 kernel/tty.o
 .note.GNU-stack
                0x0000000000000000        0x0 kernel/console.o
 .note.GNU-stack
                0x0000000000000000        0x0 kernel/i8259.o
 .note.GNU-stack
                0x0000000000000000        0x0 kernel/global.o
 .note.GNU-stack
                0x0000000000000000        0x0 kernel/protect.o
 .note.GNU-stack
                0x0000000000000000        0x0 kernel/proc.o
 .note.GNU-stack
                0x0000000000000000        0x0 kernel/systask.o
 .note.GNU-stack
                0x0000000000000000        0x0 kernel/hd.o
 .note.GNU-stack
                0x0000000000000000        0x0 kernel/klib.o
 .note.GNU-stack
                0x0000000000000000        0x0 lib/syslog.o
 .note.GNU-stack
                0x0000000000000000        0x0 mm/main.o
 .note.GNU-stack
                0x0000000000000000        0x0 mm/forkexit.o
 .note.GNU-stack
                0x0000000000000000        0x0 mm/exec.o
 .note.GNU-stack
                0x0000000000000000        0x0 fs/main.o
 .note.GNU-stack
                0x0000000000000000        0x0 fs/open.o
 .note.GNU-stack
                0x0000000000000000        0x0 fs/misc.o
 .note.GNU-stack
                0x0000000000000000        0x0 fs/read_write.o
 .note.GNU-stack
                0x0000000000000000        0x0 fs/link.o
 .note.GNU-stack
                0x0000000000000000        0x0 fs/disklog.o
 .note.GNU-stack
                0x0000000000000000        0x0 lib/orangescrt.a(printf.o)
 .note.GNU-stack
                0x0000000000000000        0x0 lib/orangescrt.a(vsprintf.o)
 .note.GNU-stack
                0x0000000000000000        0x0 lib/orangescrt.a(misc.o)
 .note.GNU-stack
                0x0000000000000000        0x0 lib/orangescrt.a(open.o)
 .note.GNU-stack
                0x0000000000000000        0x0 lib/orangescrt.a(read.o)
 .note.GNU-stack
                0x0000000000000000        0x0 lib/orangescrt.a(write.o)
 .note.GNU-stack
                0x0000000000000000        0x0 lib/orangescrt.a(close.o)
 .note.GNU-stack
                0x0000000000000000        0x0 lib/orangescrt.a(unlink.o)
 .note.GNU-stack
                0x0000000000000000        0x0 lib/orangescrt.a(getpid.o)
 .note.GNU-stack
                0x0000000000000000        0x0 lib/orangescrt.a(stat.o)
 .note.GNU-stack
                0x0000000000000000        0x0 lib/orangescrt.a(fork.o)
 .note.GNU-stack
                0x0000000000000000        0x0 lib/orangescrt.a(wait.o)
 .note.GNU-stack
                0x0000000000000000        0x0 lib/orangescrt.a(exec.o)

Memory Configuration

Name             Origin             Length             Attributes
*default*        0x0000000000000000 0xffffffffffffffff

Linker script and memory map

Address of section .text set to 0x1000
LOAD kernel/kernel.o
LOAD kernel/start.o
LOAD kernel/main.o
LOAD kernel/clock.o
LOAD kernel/keyboard.o
LOAD kernel/tty.o
LOAD kernel/console.o
LOAD kernel/i8259.o
LOAD kernel/global.o
LOAD kernel/protect.o
LOAD kernel/proc.o
LOAD kernel/systask.o
LOAD kernel/hd.o
LOAD kernel/kliba.o
LOAD kernel/klib.o
LOAD lib/syslog.o
LOAD mm/main.o
LOAD mm/forkexit.o
LOAD mm/exec.o
LOAD fs/main.o
LOAD fs/open.o
LOAD fs/misc.o
LOAD fs/read_write.o
LOAD fs/link.o
LOAD fs/disklog.o
LOAD lib/orangescrt.a
                [!provide]                        PROVIDE (__executable_start, 0x8048000)
                0x0000000008048094                . = (0x8048000 + SIZEOF_HEADERS)

.interp
 *(.interp)

.note.gnu.build-id
 *(.note.gnu.build-id)

.hash
 *(.hash)

.gnu.hash
 *(.gnu.hash)

.dynsym
 *(.dynsym)

.dynstr
 *(.dynstr)

.gnu.version
 *(.gnu.version)

.gnu.version_d
 *(.gnu.version_d)

.gnu.version_r
 *(.gnu.version_r)

.rel.dyn        0x0000000008048094        0x0
 *(.rel.init)
 *(.rel.text .rel.text.* .rel.gnu.linkonce.t.*)
 .rel.text      0x0000000008048094        0x0 kernel/kernel.o
 *(.rel.fini)
 *(.rel.rodata .rel.rodata.* .rel.gnu.linkonce.r.*)
 *(.rel.data.rel.ro .rel.data.rel.ro.* .rel.gnu.linkonce.d.rel.ro.*)
 *(.rel.data .rel.data.* .rel.gnu.linkonce.d.*)
 .rel.data      0x0000000008048094        0x0 kernel/kernel.o
 *(.rel.tdata .rel.tdata.* .rel.gnu.linkonce.td.*)
 *(.rel.tbss .rel.tbss.* .rel.gnu.linkonce.tb.*)
 *(.rel.ctors)
 *(.rel.dtors)
 *(.rel.got)
 *(.rel.bss .rel.bss.* .rel.gnu.linkonce.b.*)
 *(.rel.ifunc)

.rel.plt        0x0000000008048094        0x0
 *(.rel.plt)
                [!provide]                        PROVIDE (__rel_iplt_start, .)
 *(.rel.iplt)
 .rel.iplt      0x0000000008048094        0x0 kernel/kernel.o
                [!provide]                        PROVIDE (__rel_iplt_end, .)

.init
 *(SORT(.init))

.plt            0x00000000080480a0        0x0
 *(.plt)
 *(.iplt)
 .iplt          0x00000000080480a0        0x0 kernel/kernel.o

.plt.got
 *(.plt.got)

.text           0x0000000000001000    0x106d8
 *(.text.unlikely .text.*_unlikely .text.unlikely.*)
 *(.text.exit .text.exit.*)
 *(.text.startup .text.startup.*)
 *(.text.hot .text.hot.*)
 *(.text .stub .text.* .gnu.linkonce.t.*)
 .text          0x0000000000001000      0x410 kernel/kernel.o
                0x0000000000001000                _start
                0x0000000000001040                hwint00
                0x0000000000001070                hwint01
                0x00000000000010a0                hwint02
                0x00000000000010d0                hwint03
                0x0000000000001100                hwint04
                0x0000000000001130                hwint05
                0x0000000000001160                hwint06
                0x0000000000001190                hwint07
                0x00000000000011c0                hwint08
                0x00000000000011f0                hwint09
                0x0000000000001220                hwint10
                0x0000000000001250                hwint11
                0x0000000000001280                hwint12
                0x00000000000012b0                hwint13
                0x00000000000012e0                hwint14
                0x0000000000001310                hwint15
                0x0000000000001334                divide_error
                0x000000000000133a                single_step_exception
                0x0000000000001340                nmi
                0x0000000000001346                breakpoint_exception
                0x000000000000134c                overflow
                0x0000000000001352                bounds_check
                0x0000000000001358                inval_opcode
                0x000000000000135e                copr_not_available
                0x0000000000001364                double_fault
                0x0000000000001368                copr_seg_overrun
                0x000000000000136e                inval_tss
                0x0000000000001372                segment_not_present
                0x0000000000001376                stack_exception
                0x000000000000137a                general_protection
                0x000000000000137e                page_fault
                0x0000000000001382                copr_error
                0x00000000000013cb                sys_call
                0x00000000000013eb                restart
 .text          0x0000000000001410       0x95 kernel/start.o
                0x0000000000001410                cstart
 .text          0x00000000000014a5     0x2f19 kernel/main.o
                0x00000000000014a5                kernel_main
                0x00000000000017c0                lseek
                0x00000000000017f7                send_rece_cd
                0x0000000000001863                get_ticks
                0x0000000000001897                get_time
                0x00000000000018ea                untar
                0x0000000000001b98                shabby_shell
                0x0000000000002571                Init
                0x00000000000026d9                ls
                0x0000000000002774                AppandStrToFile
                0x00000000000028f4                clearandedit
                0x00000000000029fb                getwholepath
                0x0000000000002a8f                createdirectory
                0x0000000000002b0b                createFile
                0x0000000000002b9e                deleteFileorDir
                0x0000000000002c1a                clearArr
                0x0000000000002c43                TestA
                0x0000000000002c48                TestB
                0x0000000000002c4d                TestC
                0x0000000000002c52                panic
                0x0000000000002c9b                readFile
                0x0000000000002d67                readDirectory
                0x0000000000002db1                cd
                0x0000000000002e79                welcome
                0x0000000000002f62                animation
                0x0000000000003849                clear
                0x000000000000387c                currentTime
                0x00000000000038c9                help
                0x0000000000003a32                colorful
                0x0000000000004307                proc_detail
 .text          0x00000000000043be      0x10d kernel/clock.o
                0x00000000000043be                clock_handler
                0x0000000000004439                milli_delay
                0x0000000000004473                init_clock
 .text          0x00000000000044cb      0x6da kernel/keyboard.o
                0x00000000000044cb                keyboard_handler
                0x0000000000004535                init_keyboard
                0x00000000000045e4                keyboard_read
 .text          0x0000000000004ba5      0xa4a kernel/tty.o
                0x0000000000004ba5                task_tty
                0x0000000000004d96                in_process
                0x00000000000052ef                sys_printx
                0x000000000000548e                dump_tty_buf
 .text          0x00000000000055ef      0x7d7 kernel/console.o
                0x00000000000055ef                init_screen
                0x0000000000005763                out_char
                0x0000000000005a40                is_current_console
                0x0000000000005b33                select_console
                0x0000000000005b73                scroll_screen
 .text          0x0000000000005dc6      0x130 kernel/i8259.o
                0x0000000000005dc6                init_8259A
                0x0000000000005e9b                spurious_irq
                0x0000000000005ed2                put_irq_handler
 .text          0x0000000000005ef6        0x0 kernel/global.o
 .text          0x0000000000005ef6      0x65f kernel/protect.o
                0x0000000000005ef6                init_prot
                0x000000000000635e                seg2linear
                0x00000000000063ad                init_desc
                0x000000000000641a                exception_handler
 .text          0x0000000000006555     0x1619 kernel/proc.o
                0x0000000000006555                schedule
                0x00000000000065e1                sys_sendrec
                0x0000000000006701                ldt_seg_linear
                0x000000000000674b                va2la
                0x00000000000067ac                reset_msg
                0x00000000000075b5                inform_int
                0x0000000000007725                dump_proc
                0x0000000000007a61                dump_msg
 .text          0x0000000000007b6e      0x2bc kernel/systask.o
                0x0000000000007b6e                task_sys
 .text          0x0000000000007e2a      0xe1f kernel/hd.o
                0x0000000000007e2a                task_hd
                0x0000000000008c1e                hd_handler
 *fill*         0x0000000000008c49        0x7 
 .text          0x0000000000008c50      0x19a kernel/kliba.o
                0x0000000000008c50                disp_str
                0x0000000000008c8e                disp_color_str
                0x0000000000008ccd                out_byte
                0x0000000000008cd9                in_byte
                0x0000000000008ce3                port_read
                0x0000000000008cf6                port_write
                0x0000000000008d09                disable_irq
                0x0000000000008d3e                enable_irq
                0x0000000000008d5d                disable_int
                0x0000000000008d5f                enable_int
                0x0000000000008d61                glitter
 .text          0x0000000000008dea      0x2af kernel/klib.o
                0x0000000000008dea                get_boot_params
                0x0000000000008e70                get_kernel_map
                0x0000000000008f80                itoa
                0x000000000000902b                disp_int
                0x0000000000009052                delay
 .text          0x0000000000009099       0x6f lib/syslog.o
                0x0000000000009099                syslog
 .text          0x0000000000009108      0x1bc mm/main.o
                0x0000000000009108                task_mm
                0x000000000000923f                alloc_mem
                0x00000000000092ba                free_mem
 .text          0x00000000000092c4      0x5c0 mm/forkexit.o
                0x00000000000092c4                do_fork
                0x0000000000009605                do_exit
                0x00000000000097ce                do_wait
 .text          0x0000000000009884      0x358 mm/exec.o
                0x0000000000009884                do_exec
 .text          0x0000000000009bdc     0x10eb fs/main.o
                0x0000000000009bdc                task_fs
                0x000000000000a6ac                rw_sector
                0x000000000000a8cf                get_super_block
                0x000000000000a915                get_inode
                0x000000000000aa78                put_inode
                0x000000000000aab6                sync_inode
 .text          0x000000000000acc7     0x1bde fs/open.o
                0x000000000000acc7                do_open_old
                0x000000000000b0e4                do_open
                0x000000000000b81d                do_cd
                0x000000000000beb4                do_close
                0x000000000000bf2f                do_lseek
                0x000000000000c587                tempsearch
                0x000000000000c752                printallchildfiles
 .text          0x000000000000c8a5      0x5f9 fs/misc.o
                0x000000000000c8a5                do_stat
                0x000000000000ca76                search_file
                0x000000000000cbcc                strip_path_dir
 .text          0x000000000000ce9e      0x49a fs/read_write.o
                0x000000000000ce9e                do_rdwt
 .text          0x000000000000d338     0x1868 fs/link.o
                0x000000000000d338                do_unlink
                0x000000000000db13                deletefile
                0x000000000000e1a6                deletedirectoy
                0x000000000000e80d                do_unlink_my
                0x000000000000ea4c                recursivedelete
 .text          0x000000000000eba0     0x1fb8 fs/disklog.o
                0x000000000000eba0                disklog
                0x000000000000f10d                dump_fd_graph
 .text          0x0000000000010b58       0xad lib/orangescrt.a(printf.o)
                0x0000000000010b58                printf
                0x0000000000010bc3                printl
 .text          0x0000000000010c05      0x305 lib/orangescrt.a(vsprintf.o)
                0x0000000000010c63                vsprintf
                0x0000000000010ee4                sprintf
 *fill*         0x0000000000010f0a        0x6 
 .text          0x0000000000010f10       0x78 lib/orangescrt.a(string.o)
                0x0000000000010f10                memcpy
                0x0000000000010f39                memset
                0x0000000000010f5a                strcpy
                0x0000000000010f72                strlen
 .text          0x0000000000010f88      0x256 lib/orangescrt.a(misc.o)
                0x0000000000010f88                send_recv
                0x0000000000011042                memcmp
                0x00000000000110b8                strcmp
                0x000000000001112b                strcat
                0x000000000001118a                spin
                0x00000000000111a5                assertion_failure
 .text          0x00000000000111de       0x69 lib/orangescrt.a(open.o)
                0x00000000000111de                open
 .text          0x0000000000011247       0x37 lib/orangescrt.a(read.o)
                0x0000000000011247                read
 .text          0x000000000001127e       0x37 lib/orangescrt.a(write.o)
                0x000000000001127e                write
 .text          0x00000000000112b5       0x2b lib/orangescrt.a(close.o)
                0x00000000000112b5                close
 .text          0x00000000000112e0       0x42 lib/orangescrt.a(unlink.o)
                0x00000000000112e0                unlink
 .text          0x0000000000011322       0x46 lib/orangescrt.a(getpid.o)
                0x0000000000011322                getpid
 .text          0x0000000000011368       0x63 lib/orangescrt.a(stat.o)
                0x0000000000011368                stat
 .text          0x00000000000113cb       0x66 lib/orangescrt.a(fork.o)
                0x00000000000113cb                fork
 .text          0x0000000000011431       0x3c lib/orangescrt.a(wait.o)
                0x0000000000011431                wait
 .text          0x000000000001146d      0x237 lib/orangescrt.a(exec.o)
                0x000000000001146d                exec
                0x00000000000114d8                execl
                0x00000000000114fd                execv
 *fill*         0x00000000000116a4        0xc 
 .text          0x00000000000116b0       0x28 lib/orangescrt.a(syscall.o)
                0x00000000000116b0                sendrec
                0x00000000000116ca                printx
 *(.gnu.warning)

.fini
 *(SORT(.fini))
                [!provide]                        PROVIDE (__etext, .)
                [!provide]                        PROVIDE (_etext, .)
                [!provide]                        PROVIDE (etext, .)

.rodata         0x00000000000116e0     0x4d23
 *(.rodata .rodata.* .gnu.linkonce.r.*)
 .rodata        0x00000000000116e0       0x47 kernel/start.o
 *fill*         0x0000000000011727        0x1 
 .rodata        0x0000000000011728     0x275b kernel/main.o
 *fill*         0x0000000000013e83        0x1 
 .rodata        0x0000000000013e84       0x64 kernel/keyboard.o
 .rodata        0x0000000000013ee8      0x168 kernel/tty.o
 .rodata        0x0000000000014050       0x5b kernel/console.o
 .rodata        0x00000000000140ab       0x11 kernel/i8259.o
 .rodata        0x00000000000140bc       0x10 kernel/global.o
                0x00000000000140bc                FSBUF_SIZE
                0x00000000000140c0                MMBUF_SIZE
                0x00000000000140c4                LOGBUF_SIZE
                0x00000000000140c8                LOGDISKBUF_SIZE
 *fill*         0x00000000000140cc       0x14 
 .rodata        0x00000000000140e0      0x580 kernel/protect.o
 .rodata        0x0000000000014660      0x5da kernel/proc.o
 .rodata        0x0000000000014c3a       0x11 kernel/systask.o
 *fill*         0x0000000000014c4b        0x1 
 .rodata        0x0000000000014c4c      0x1df kernel/hd.o
 *fill*         0x0000000000014e2b        0x1 
 .rodata        0x0000000000014e2c       0x6a kernel/klib.o
 .rodata        0x0000000000014e96       0x1e lib/syslog.o
 .rodata        0x0000000000014eb4       0xb1 mm/main.o
 *fill*         0x0000000000014f65        0x3 
 .rodata        0x0000000000014f68       0xe7 mm/forkexit.o
 *fill*         0x000000000001504f        0x1 
 .rodata        0x0000000000015050       0xa4 mm/exec.o
 .rodata        0x00000000000150f4      0x2b6 fs/main.o
 *fill*         0x00000000000153aa        0x2 
 .rodata        0x00000000000153ac      0x2b0 fs/open.o
 .rodata        0x000000000001565c       0x60 fs/misc.o
 .rodata        0x00000000000156bc      0x164 fs/read_write.o
 .rodata        0x0000000000015820      0x1f3 fs/link.o
 *fill*         0x0000000000015a13        0x1 
 .rodata        0x0000000000015a14      0x806 fs/disklog.o
 .rodata        0x000000000001621a       0x14 lib/orangescrt.a(printf.o)
 *fill*         0x000000000001622e        0x2 
 .rodata        0x0000000000016230       0xad lib/orangescrt.a(misc.o)
 .rodata        0x00000000000162dd       0x23 lib/orangescrt.a(open.o)
 .rodata        0x0000000000016300       0x25 lib/orangescrt.a(getpid.o)
 .rodata        0x0000000000016325       0x23 lib/orangescrt.a(stat.o)
 .rodata        0x0000000000016348       0x33 lib/orangescrt.a(fork.o)
 *fill*         0x000000000001637b        0x1 
 .rodata        0x000000000001637c       0x87 lib/orangescrt.a(exec.o)

.rodata1
 *(.rodata1)

.eh_frame_hdr
 *(.eh_frame_hdr)
 *(.eh_frame_entry .eh_frame_entry.*)

.eh_frame       0x0000000000016404     0x16c4
 *(.eh_frame)
 .eh_frame      0x0000000000016404       0x38 kernel/start.o
 .eh_frame      0x000000000001643c      0x3c0 kernel/main.o
                                        0x3d8 (size before relaxing)
 .eh_frame      0x00000000000167fc       0x60 kernel/clock.o
                                         0x78 (size before relaxing)
 .eh_frame      0x000000000001685c       0xe0 kernel/keyboard.o
                                         0xf8 (size before relaxing)
 .eh_frame      0x000000000001693c      0x13c kernel/tty.o
                                        0x154 (size before relaxing)
 .eh_frame      0x0000000000016a78      0x144 kernel/console.o
                                        0x15c (size before relaxing)
 .eh_frame      0x0000000000016bbc       0x60 kernel/i8259.o
                                         0x78 (size before relaxing)
 .eh_frame      0x0000000000016c1c       0xb0 kernel/protect.o
                                         0xc8 (size before relaxing)
 .eh_frame      0x0000000000016ccc      0x1b8 kernel/proc.o
                                        0x1d0 (size before relaxing)
 .eh_frame      0x0000000000016e84       0x5c kernel/systask.o
                                         0x74 (size before relaxing)
 .eh_frame      0x0000000000016ee0      0x1f0 kernel/hd.o
                                        0x208 (size before relaxing)
 .eh_frame      0x00000000000170d0       0xa0 kernel/klib.o
                                         0xb8 (size before relaxing)
 .eh_frame      0x0000000000017170       0x20 lib/syslog.o
                                         0x38 (size before relaxing)
 .eh_frame      0x0000000000017190       0x7c mm/main.o
                                         0x94 (size before relaxing)
 .eh_frame      0x000000000001720c       0x90 mm/forkexit.o
                                         0xa8 (size before relaxing)
 .eh_frame      0x000000000001729c       0x2c mm/exec.o
                                         0x44 (size before relaxing)
 .eh_frame      0x00000000000172c8      0x170 fs/main.o
                                        0x188 (size before relaxing)
 .eh_frame      0x0000000000017438      0x1f0 fs/open.o
                                        0x208 (size before relaxing)
 .eh_frame      0x0000000000017628       0x6c fs/misc.o
                                         0x84 (size before relaxing)
 .eh_frame      0x0000000000017694       0x2c fs/read_write.o
                                         0x44 (size before relaxing)
 .eh_frame      0x00000000000176c0       0xcc fs/link.o
                                         0xe4 (size before relaxing)
 .eh_frame      0x000000000001778c       0x60 fs/disklog.o
                                         0x78 (size before relaxing)
 .eh_frame      0x00000000000177ec       0x40 lib/orangescrt.a(printf.o)
                                         0x58 (size before relaxing)
 .eh_frame      0x000000000001782c       0x60 lib/orangescrt.a(vsprintf.o)
                                         0x78 (size before relaxing)
 .eh_frame      0x000000000001788c       0xbc lib/orangescrt.a(misc.o)
                                         0xd4 (size before relaxing)
 .eh_frame      0x0000000000017948       0x20 lib/orangescrt.a(open.o)
                                         0x38 (size before relaxing)
 .eh_frame      0x0000000000017968       0x20 lib/orangescrt.a(read.o)
                                         0x38 (size before relaxing)
 .eh_frame      0x0000000000017988       0x20 lib/orangescrt.a(write.o)
                                         0x38 (size before relaxing)
 .eh_frame      0x00000000000179a8       0x20 lib/orangescrt.a(close.o)
                                         0x38 (size before relaxing)
 .eh_frame      0x00000000000179c8       0x20 lib/orangescrt.a(unlink.o)
                                         0x38 (size before relaxing)
 .eh_frame      0x00000000000179e8       0x20 lib/orangescrt.a(getpid.o)
                                         0x38 (size before relaxing)
 .eh_frame      0x0000000000017a08       0x20 lib/orangescrt.a(stat.o)
                                         0x38 (size before relaxing)
 .eh_frame      0x0000000000017a28       0x20 lib/orangescrt.a(fork.o)
                                         0x38 (size before relaxing)
 .eh_frame      0x0000000000017a48       0x20 lib/orangescrt.a(wait.o)
                                         0x38 (size before relaxing)
 .eh_frame      0x0000000000017a68       0x60 lib/orangescrt.a(exec.o)
                                         0x78 (size before relaxing)
 *(.eh_frame.*)

.gcc_except_table
 *(.gcc_except_table .gcc_except_table.*)

.gnu_extab
 *(.gnu_extab*)

.exception_ranges
 *(.exception_ranges .exception_ranges*)
                0x0000000000018000                . = DATA_SEGMENT_ALIGN (0x1000, 0x1000)

.eh_frame
 *(.eh_frame)
 *(.eh_frame.*)

.gnu_extab
 *(.gnu_extab)

.gcc_except_table
 *(.gcc_except_table .gcc_except_table.*)

.exception_ranges
 *(.exception_ranges .exception_ranges*)

.tdata
 *(.tdata .tdata.* .gnu.linkonce.td.*)

.tbss
 *(.tbss .tbss.* .gnu.linkonce.tb.*)
 *(.tcommon)

.preinit_array  0x0000000000018000        0x0
                [!provide]                        PROVIDE (__preinit_array_start, .)
 *(.preinit_array)
                [!provide]                        PROVIDE (__preinit_array_end, .)

.init_array     0x0000000000018000        0x0
                [!provide]                        PROVIDE (__init_array_start, .)
 *(SORT(.init_array.*) SORT(.ctors.*))
 *(.init_array EXCLUDE_FILE(*crtend?.o *crtend.o *crtbegin?.o *crtbegin.o) .ctors)
                [!provide]                        PROVIDE (__init_array_end, .)

.fini_array     0x0000000000018000        0x0
                [!provide]                        PROVIDE (__fini_array_start, .)
 *(SORT(.fini_array.*) SORT(.dtors.*))
 *(.fini_array EXCLUDE_FILE(*crtend?.o *crtend.o *crtbegin?.o *crtbegin.o) .dtors)
                [!provide]                        PROVIDE (__fini_array_end, .)

.ctors
 *crtbegin.o(.ctors)
 *crtbegin?.o(.ctors)
 *(EXCLUDE_FILE(*crtend?.o *crtend.o) .ctors)
 *(SORT(.ctors.*))
 *(.ctors)

.dtors
 *crtbegin.o(.dtors)
 *crtbegin?.o(.dtors)
 *(EXCLUDE_FILE(*crtend?.o *crtend.o) .dtors)
 *(SORT(.dtors.*))
 *(.dtors)

.jcr
 *(.jcr)

.data.rel.ro
 *(.data.rel.ro.local* .gnu.linkonce.d.rel.ro.local.*)
 *(.data.rel.ro .data.rel.ro.* .gnu.linkonce.d.rel.ro.*)

.dynamic
 *(.dynamic)

.got
 *(.got)
 *(.igot)
                0x0000000000018000                . = DATA_SEGMENT_RELRO_END (., (SIZEOF (.got.plt) >= 0xc)?0xc:0x0)

.got.plt        0x0000000000018000        0x0
 *(.got.plt)
 *(.igot.plt)
 .igot.plt      0x0000000000018000        0x0 kernel/kernel.o

.data           0x0000000000018000      0x894
 *(.data .data.* .gnu.linkonce.d.*)
 .data          0x0000000000018000        0x2 kernel/kernel.o
 .data          0x0000000000018002        0x0 kernel/start.o
 *fill*         0x0000000000018002       0x1e 
 .data          0x0000000000018020       0x80 kernel/main.o
                0x0000000000018020                location
 .data          0x00000000000180a0        0x0 kernel/clock.o
 .data          0x00000000000180a0      0x600 kernel/keyboard.o
                0x00000000000180a0                keymap
 .data          0x00000000000186a0       0x22 kernel/tty.o
 .data          0x00000000000186c2        0x0 kernel/console.o
 .data          0x00000000000186c2        0x0 kernel/i8259.o
 *fill*         0x00000000000186c2       0x1e 
 .data          0x00000000000186e0      0x1b4 kernel/global.o
                0x00000000000186e0                task_table
                0x00000000000187c0                user_proc_table
                0x0000000000018860                sys_call_table
                0x000000000001886c                dd_map
                0x0000000000018884                fsbuf
                0x0000000000018888                mmbuf
                0x000000000001888c                logbuf
                0x0000000000018890                logdiskbuf
 .data          0x0000000000018894        0x0 kernel/protect.o
 .data          0x0000000000018894        0x0 kernel/proc.o
 .data          0x0000000000018894        0x0 kernel/systask.o
 .data          0x0000000000018894        0x0 kernel/hd.o
 .data          0x0000000000018894        0x0 kernel/klib.o
 .data          0x0000000000018894        0x0 lib/syslog.o
 .data          0x0000000000018894        0x0 mm/main.o
 .data          0x0000000000018894        0x0 mm/forkexit.o
 .data          0x0000000000018894        0x0 mm/exec.o
 .data          0x0000000000018894        0x0 fs/main.o
 .data          0x0000000000018894        0x0 fs/open.o
 .data          0x0000000000018894        0x0 fs/misc.o
 .data          0x0000000000018894        0x0 fs/read_write.o
 .data          0x0000000000018894        0x0 fs/link.o
 .data          0x0000000000018894        0x0 fs/disklog.o
 .data          0x0000000000018894        0x0 lib/orangescrt.a(printf.o)
 .data          0x0000000000018894        0x0 lib/orangescrt.a(vsprintf.o)
 .data          0x0000000000018894        0x0 lib/orangescrt.a(misc.o)
 .data          0x0000000000018894        0x0 lib/orangescrt.a(open.o)
 .data          0x0000000000018894        0x0 lib/orangescrt.a(read.o)
 .data          0x0000000000018894        0x0 lib/orangescrt.a(write.o)
 .data          0x0000000000018894        0x0 lib/orangescrt.a(close.o)
 .data          0x0000000000018894        0x0 lib/orangescrt.a(unlink.o)
 .data          0x0000000000018894        0x0 lib/orangescrt.a(getpid.o)
 .data          0x0000000000018894        0x0 lib/orangescrt.a(stat.o)
 .data          0x0000000000018894        0x0 lib/orangescrt.a(fork.o)
 .data          0x0000000000018894        0x0 lib/orangescrt.a(wait.o)
 .data          0x0000000000018894        0x0 lib/orangescrt.a(exec.o)

.data1
 *(.data1)
                0x0000000000018894                _edata = .
                [!provide]                        PROVIDE (edata, .)
                0x0000000000018894                . = .
                0x0000000000018894                __bss_start = .

.bss            0x00000000000188a0    0x2c008
 *(.dynbss)
 *(.bss .bss.* .gnu.linkonce.b.*)
 .bss           0x00000000000188a0     0x1000 kernel/kernel.o
 .bss           0x00000000000198a0        0x0 kernel/start.o
 .bss           0x00000000000198a0       0x80 kernel/main.o
                0x00000000000198a0                wholefilepath
 .bss           0x0000000000019920        0x0 kernel/clock.o
 .bss           0x0000000000019920       0x58 kernel/keyboard.o
 .bss           0x0000000000019978        0x0 kernel/tty.o
 .bss           0x0000000000019978        0x0 kernel/console.o
 .bss           0x0000000000019978        0x0 kernel/i8259.o
 .bss           0x0000000000019978        0x0 kernel/global.o
 .bss           0x0000000000019978        0x0 kernel/protect.o
 .bss           0x0000000000019978        0x0 kernel/proc.o
 .bss           0x0000000000019978        0x0 kernel/systask.o
 *fill*         0x0000000000019978        0x8 
 .bss           0x0000000000019980      0x64c kernel/hd.o
 .bss           0x0000000000019fcc        0x0 kernel/klib.o
 .bss           0x0000000000019fcc        0x0 lib/syslog.o
 .bss           0x0000000000019fcc        0x0 mm/main.o
 .bss           0x0000000000019fcc        0x0 mm/forkexit.o
 .bss           0x0000000000019fcc        0x0 mm/exec.o
 .bss           0x0000000000019fcc        0x0 fs/main.o
 .bss           0x0000000000019fcc        0x0 fs/open.o
 .bss           0x0000000000019fcc        0x0 fs/misc.o
 .bss           0x0000000000019fcc        0x0 fs/read_write.o
 .bss           0x0000000000019fcc        0x0 fs/link.o
 *fill*         0x0000000000019fcc       0x14 
 .bss           0x0000000000019fe0      0x208 fs/disklog.o
 .bss           0x000000000001a1e8        0x0 lib/orangescrt.a(printf.o)
 .bss           0x000000000001a1e8        0x0 lib/orangescrt.a(vsprintf.o)
 .bss           0x000000000001a1e8        0x0 lib/orangescrt.a(misc.o)
 .bss           0x000000000001a1e8        0x0 lib/orangescrt.a(open.o)
 .bss           0x000000000001a1e8        0x0 lib/orangescrt.a(read.o)
 .bss           0x000000000001a1e8        0x0 lib/orangescrt.a(write.o)
 .bss           0x000000000001a1e8        0x0 lib/orangescrt.a(close.o)
 .bss           0x000000000001a1e8        0x0 lib/orangescrt.a(unlink.o)
 .bss           0x000000000001a1e8        0x0 lib/orangescrt.a(getpid.o)
 .bss           0x000000000001a1e8        0x0 lib/orangescrt.a(stat.o)
 .bss           0x000000000001a1e8        0x0 lib/orangescrt.a(fork.o)
 .bss           0x000000000001a1e8        0x0 lib/orangescrt.a(wait.o)
 .bss           0x000000000001a1e8        0x0 lib/orangescrt.a(exec.o)
 *(COMMON)
 *fill*         0x000000000001a1e8       0x18 
 COMMON         0x000000000001a200    0x2a698 kernel/global.o
                0x000000000001a200                idt_ptr
                0x000000000001a220                inode_table
                0x000000000001ad20                task_stack
                0x000000000003ed20                k_reenter
                0x000000000003ed40                gdt
                0x000000000003f140                current_console
                0x000000000003f144                pcaller
                0x000000000003f160                tty_table
                0x000000000003fde0                tss
                0x000000000003fe60                fs_msg
                0x000000000003fe94                memory_size
                0x000000000003fea0                f_desc_table
                0x00000000000402a0                root_inode
                0x00000000000402a4                disp_pos
                0x00000000000402c0                mm_msg
                0x00000000000402f4                key_pressed
                0x00000000000402f8                gdt_ptr
                0x0000000000040300                idt
                0x0000000000040b00                super_block
                0x0000000000040ce0                ticks
                0x0000000000040d00                console_table
                0x0000000000040d40                irq_table
                0x0000000000040d80                p_proc_ready
                0x0000000000040da0                proc_table
 COMMON         0x0000000000044898       0x10 kernel/hd.o
                0x0000000000044898                PARTITION_ENTRY
                0x00000000000448a8                . = ALIGN ((. != 0x0)?0x4:0x1)
                0x00000000000448a8                . = ALIGN (0x4)
                0x00000000000448a8                . = SEGMENT_START ("ldata-segment", .)
                0x00000000000448a8                . = ALIGN (0x4)
                0x00000000000448a8                _end = .
                [!provide]                        PROVIDE (end, .)
                0x00000000000448a8                . = DATA_SEGMENT_END (.)

.stab
 *(.stab)

.stabstr
 *(.stabstr)

.stab.excl
 *(.stab.excl)

.stab.exclstr
 *(.stab.exclstr)

.stab.index
 *(.stab.index)

.stab.indexstr
 *(.stab.indexstr)

.comment        0x0000000000000000       0x2d
 *(.comment)
 .comment       0x0000000000000000       0x2d kernel/start.o
                                         0x2e (size before relaxing)
 .comment       0x000000000000002d       0x2e kernel/main.o
 .comment       0x000000000000002d       0x2e kernel/clock.o
 .comment       0x000000000000002d       0x2e kernel/keyboard.o
 .comment       0x000000000000002d       0x2e kernel/tty.o
 .comment       0x000000000000002d       0x2e kernel/console.o
 .comment       0x000000000000002d       0x2e kernel/i8259.o
 .comment       0x000000000000002d       0x2e kernel/global.o
 .comment       0x000000000000002d       0x2e kernel/protect.o
 .comment       0x000000000000002d       0x2e kernel/proc.o
 .comment       0x000000000000002d       0x2e kernel/systask.o
 .comment       0x000000000000002d       0x2e kernel/hd.o
 .comment       0x000000000000002d       0x2e kernel/klib.o
 .comment       0x000000000000002d       0x2e lib/syslog.o
 .comment       0x000000000000002d       0x2e mm/main.o
 .comment       0x000000000000002d       0x2e mm/forkexit.o
 .comment       0x000000000000002d       0x2e mm/exec.o
 .comment       0x000000000000002d       0x2e fs/main.o
 .comment       0x000000000000002d       0x2e fs/open.o
 .comment       0x000000000000002d       0x2e fs/misc.o
 .comment       0x000000000000002d       0x2e fs/read_write.o
 .comment       0x000000000000002d       0x2e fs/link.o
 .comment       0x000000000000002d       0x2e fs/disklog.o
 .comment       0x000000000000002d       0x2e lib/orangescrt.a(printf.o)
 .comment       0x000000000000002d       0x2e lib/orangescrt.a(vsprintf.o)
 .comment       0x000000000000002d       0x2e lib/orangescrt.a(misc.o)
 .comment       0x000000000000002d       0x2e lib/orangescrt.a(open.o)
 .comment       0x000000000000002d       0x2e lib/orangescrt.a(read.o)
 .comment       0x000000000000002d       0x2e lib/orangescrt.a(write.o)
 .comment       0x000000000000002d       0x2e lib/orangescrt.a(close.o)
 .comment       0x000000000000002d       0x2e lib/orangescrt.a(unlink.o)
 .comment       0x000000000000002d       0x2e lib/orangescrt.a(getpid.o)
 .comment       0x000000000000002d       0x2e lib/orangescrt.a(stat.o)
 .comment       0x000000000000002d       0x2e lib/orangescrt.a(fork.o)
 .comment       0x000000000000002d       0x2e lib/orangescrt.a(wait.o)
 .comment       0x000000000000002d       0x2e lib/orangescrt.a(exec.o)

.debug
 *(.debug)

.line
 *(.line)

.debug_srcinfo
 *(.debug_srcinfo)

.debug_sfnames
 *(.debug_sfnames)

.debug_aranges
 *(.debug_aranges)

.debug_pubnames
 *(.debug_pubnames)

.debug_info
 *(.debug_info .gnu.linkonce.wi.*)

.debug_abbrev
 *(.debug_abbrev)

.debug_line
 *(.debug_line .debug_line.* .debug_line_end)

.debug_frame
 *(.debug_frame)

.debug_str
 *(.debug_str)

.debug_loc
 *(.debug_loc)

.debug_macinfo
 *(.debug_macinfo)

.debug_weaknames
 *(.debug_weaknames)

.debug_funcnames
 *(.debug_funcnames)

.debug_typenames
 *(.debug_typenames)

.debug_varnames
 *(.debug_varnames)

.debug_pubtypes
 *(.debug_pubtypes)

.debug_ranges
 *(.debug_ranges)

.debug_macro
 *(.debug_macro)

.gnu.attributes
 *(.gnu.attributes)

/DISCARD/
 *(.note.GNU-stack)
 *(.gnu_debuglink)
 *(.gnu.lto_*)
OUTPUT(kernel.bin elf32-i386)
